******************************************************************************
                  TI ARM Linker PC v20.2.5                     
******************************************************************************
>> Linked Fri Jul 15 23:57:08 2022

OUTPUT FILE NAME:   <Testing_Communication.out>
ENTRY POINT SYMBOL: "_c_int00_noinit_noargs"  address: 00000961


MEMORY CONFIGURATION

         name            origin    length      used     unused   attr    fill
----------------------  --------  ---------  --------  --------  ----  --------
  FLASH                 00000000   00040000  00000b32  0003f4ce  R  X
  SRAM                  20000000   00008000  00000200  00007e00  RW X


SEGMENT ALLOCATION MAP

run origin  load origin   length   init length attrs members
----------  ----------- ---------- ----------- ----- -------
00000000    00000000    00000b34   00000b34    r-x
  00000000    00000000    0000026c   0000026c    r-- .intvecs
  0000026c    0000026c    000007ca   000007ca    r-x .text
  00000a38    00000a38    000000fc   000000fc    r-- .const
20000000    20000000    00000200   00000000    rw-
  20000000    20000000    00000200   00000000    rw- .stack


SECTION ALLOCATION MAP

 output                                  attributes/
section   page    origin      length       input sections
--------  ----  ----------  ----------   ----------------
.intvecs   0    00000000    0000026c     
                  00000000    0000026c     tm4c123gh6pm_startup_ccs.obj (.intvecs)

.text      0    0000026c    000007ca     
                  0000026c    00000288     main.obj (.text)
                  000004f4    0000016c     driverlib.lib : gpio.obj (.text:GPIOPadConfigSet)
                  00000660    00000118                   : sysctl.obj (.text:SysCtlClockGet)
                  00000778    000000f4                   : sysctl.obj (.text:SysCtlClockSet)
                  0000086c    0000004c                   : gpio.obj (.text:GPIOPinConfigure)
                  000008b8    00000046                   : uart.obj (.text:UARTConfigSetExpClk)
                  000008fe    00000002     --HOLE-- [fill = 0]
                  00000900    00000034                   : sysctl.obj (.text:SysCtlPeripheralEnable)
                  00000934    0000002c                   : gpio.obj (.text:GPIODirModeSet)
                  00000960    0000002c     rtsv7M4_T_le_v4SPD16_eabi.lib : boot_cortex_m.c.obj (.text:_c_int00_noinit_noargs:_c_int00_noinit_noargs)
                  0000098c    00000020     driverlib.lib : uart.obj (.text:UARTDisable)
                  000009ac    0000001a                   : gpio.obj (.text:GPIOPinTypeGPIOOutput)
                  000009c6    00000016                   : gpio.obj (.text:GPIOPinTypeUART)
                  000009dc    00000014                   : uart.obj (.text:UARTEnable)
                  000009f0    0000000e                   : uart.obj (.text:UARTCharGetNonBlocking)
                  000009fe    0000000e                   : uart.obj (.text:UARTCharsAvail)
                  00000a0c    0000000c     tm4c123gh6pm_startup_ccs.obj (.text)
                  00000a18    0000000a     driverlib.lib : uart.obj (.text:UARTCharPut)
                  00000a22    00000006                   : gpio.obj (.text:GPIOPinWrite)
                  00000a28    00000006                   : sysctl.obj (.text:SysCtlDelay)
                  00000a2e    00000004     rtsv7M4_T_le_v4SPD16_eabi.lib : pre_init.c.obj (.text:_system_pre_init)
                  00000a32    00000004                                   : exit.c.obj (.text:abort:abort)

.const     0    00000a38    000000fc     
                  00000a38    00000090     driverlib.lib : gpio.obj (.const:g_pui32GPIOBaseAddrs)
                  00000ac8    0000006c                   : sysctl.obj (.const:g_pui32Xtals)

.cinit     0    00000000    00000000     UNINITIALIZED

.init_array 
*          0    00000000    00000000     UNINITIALIZED

.stack     0    20000000    00000200     UNINITIALIZED
                  20000000    00000004     rtsv7M4_T_le_v4SPD16_eabi.lib : boot_cortex_m.c.obj (.stack)
                  20000004    000001fc     --HOLE--

__llvm_prf_cnts 
*          0    20000000    00000000     UNINITIALIZED

MODULE SUMMARY

       Module                         code   ro data   rw data
       ------                         ----   -------   -------
    .\
       main.obj                       648    0         0      
       tm4c123gh6pm_startup_ccs.obj   12     620       0      
    +--+------------------------------+------+---------+---------+
       Total:                         660    620       0      
                                                              
    D:/Embedded Systems/Tivaware C series/driverlib/ccs/Debug/driverlib.lib
       sysctl.obj                     582    108       0      
       gpio.obj                       538    144       0      
       uart.obj                       160    0         0      
    +--+------------------------------+------+---------+---------+
       Total:                         1280   252       0      
                                                              
    D:\Code Composer Studio\ccs\tools\compiler\ti-cgt-arm_20.2.5.LTS\lib\rtsv7M4_T_le_v4SPD16_eabi.lib
       boot_cortex_m.c.obj            44     0         0      
       exit.c.obj                     4      0         0      
       pre_init.c.obj                 4      0         0      
    +--+------------------------------+------+---------+---------+
       Total:                         52     0         0      
                                                              
       Stack:                         0      0         512    
    +--+------------------------------+------+---------+---------+
       Grand Total:                   1992   872       512    


GLOBAL SYMBOLS: SORTED ALPHABETICALLY BY Name 

address   name                   
-------   ----                   
00000a33  C$$EXIT                
00000935  GPIODirModeSet         
000004f5  GPIOPadConfigSet       
0000086d  GPIOPinConfigure       
000009ad  GPIOPinTypeGPIOOutput  
000009c7  GPIOPinTypeUART        
00000a23  GPIOPinWrite           
00000a0d  ResetISR               
00000661  SysCtlClockGet         
00000779  SysCtlClockSet         
00000a29  SysCtlDelay            
00000901  SysCtlPeripheralEnable 
000009f1  UARTCharGetNonBlocking 
00000a19  UARTCharPut            
000009ff  UARTCharsAvail         
000008b9  UARTConfigSetExpClk    
0000098d  UARTDisable            
000009dd  UARTEnable             
20000200  __STACK_END            
00000200  __STACK_SIZE           
20000200  __STACK_TOP            
ffffffff  __TI_pprof_out_hndl    
ffffffff  __TI_prof_data_size    
ffffffff  __TI_prof_data_start   
00000000  __TI_static_base__     
ffffffff  __binit__              
ffffffff  __c_args__             
UNDEFED   __mpu_init             
20000000  __stack                
20000000  __start___llvm_prf_cnts
20000000  __stop___llvm_prf_cnts 
00000961  _c_int00_noinit_noargs 
00000a2f  _system_pre_init       
00000a33  abort                  
ffffffff  binit                  
000003c7  bluetoothSendMessage   
00000000  g_pfnVectors           
0000026d  main                   


GLOBAL SYMBOLS: SORTED BY Symbol Address 

address   name                   
-------   ----                   
00000000  __TI_static_base__     
00000000  g_pfnVectors           
00000200  __STACK_SIZE           
0000026d  main                   
000003c7  bluetoothSendMessage   
000004f5  GPIOPadConfigSet       
00000661  SysCtlClockGet         
00000779  SysCtlClockSet         
0000086d  GPIOPinConfigure       
000008b9  UARTConfigSetExpClk    
00000901  SysCtlPeripheralEnable 
00000935  GPIODirModeSet         
00000961  _c_int00_noinit_noargs 
0000098d  UARTDisable            
000009ad  GPIOPinTypeGPIOOutput  
000009c7  GPIOPinTypeUART        
000009dd  UARTEnable             
000009f1  UARTCharGetNonBlocking 
000009ff  UARTCharsAvail         
00000a0d  ResetISR               
00000a19  UARTCharPut            
00000a23  GPIOPinWrite           
00000a29  SysCtlDelay            
00000a2f  _system_pre_init       
00000a33  C$$EXIT                
00000a33  abort                  
20000000  __stack                
20000000  __start___llvm_prf_cnts
20000000  __stop___llvm_prf_cnts 
20000200  __STACK_END            
20000200  __STACK_TOP            
ffffffff  __TI_pprof_out_hndl    
ffffffff  __TI_prof_data_size    
ffffffff  __TI_prof_data_start   
ffffffff  __binit__              
ffffffff  __c_args__             
ffffffff  binit                  
UNDEFED   __mpu_init             

[38 symbols]
